22:42:39 **** Incremental Build of configuration Debug for project mb_cumlator ****
make all 
'Building file: ../src/mb_cumlator.c'
'Invoking: MicroBlaze gcc compiler'
mb-gcc -Wall -O0 -g3 -c -fmessage-length=0 -MT"src/mb_cumlator.o" -IC:/Users/rohan/385lab6/lework/mb_intro_top_1/export/mb_intro_top_1/sw/mb_intro_top_1/standalone_microblaze_0/bspinclude/include -mlittle-endian -mcpu=v11.0 -mxl-soft-mul -Wl,--no-relax -ffunction-sections -fdata-sections -MMD -MP -MF"src/mb_cumlator.d" -MT"src/mb_cumlator.o" -o "src/mb_cumlator.o" "../src/mb_cumlator.c"
../src/mb_cumlator.c:18:36: warning: initialization of 'volatile uint32_t *' {aka 'volatile long unsigned int *'} from 'int' makes pointer from integer without a cast [-Wint-conversion]
   18 | volatile uint32_t* led_gpio_data = 0x40000000;  //Hint: either find the manual address (via the memory map in the block diagram, or
      |                                    ^~~~~~~~~~
../src/mb_cumlator.c:19:31: warning: initialization of 'volatile uint32_t *' {aka 'volatile long unsigned int *'} from 'int' makes pointer from integer without a cast [-Wint-conversion]
   19 | volatile uint32_t* leswitch = 0x40010000;                                                                                                                        //replace with the proper define in xparameters (part of the BSP). Either way
      |                               ^~~~~~~~~~
../src/mb_cumlator.c:20:31: warning: initialization of 'volatile uint32_t *' {aka 'volatile long unsigned int *'} from 'int' makes pointer from integer without a cast [-Wint-conversion]
   20 | volatile uint32_t* leButton = 0x40020000;                                                                                                                        //this is the base address of the GPIO corresponding to your LEDs
      |                               ^~~~~~~~~~
'Finished building: ../src/mb_cumlator.c'
' '
'Building target: mb_cumlator.elf'
'Invoking: MicroBlaze gcc linker'
mb-gcc -Wl,-T -Wl,../src/lscript.ld -LC:/Users/rohan/385lab6/lework/mb_intro_top_1/export/mb_intro_top_1/sw/mb_intro_top_1/standalone_microblaze_0/bsplib/lib -mlittle-endian -mcpu=v11.0 -mxl-soft-mul -Wl,--no-relax -Wl,--gc-sections -o "mb_cumlator.elf"  ./src/mb_cumlator.o ./src/platform.o   -Wl,--start-group,-lxil,-lgcc,-lc,--end-group
'Finished building target: mb_cumlator.elf'
' '
'Invoking: MicroBlaze Print Size'
mb-size mb_cumlator.elf  |tee "mb_cumlator.elf.size"
   text	   data	    bss	    dec	    hex	filename
  19148	   1368	   3172	  23688	   5c88	mb_cumlator.elf
'Finished building: mb_cumlator.elf.size'
' '

22:42:40 Build Finished (took 1s.114ms)

